ChkTeX v1.7.8 - Copyright 1995-96 Jens T. Berger Thielemann.
Compiled with PCRE regex support.
No errors printed; No warnings printed; 615 user suppressed warnings; No line suppressed warnings.
PNG copy skipped (alpha): ./src/error_distribution_span_aggregated.png
Image written (PNG, 176 ms): ./src/error_distribution_span_aggregated.png
PNG copy skipped (alpha): ./src/interpretability_partial_end_neodictabert.png
Image written (PNG, 90 ms): ./src/interpretability_partial_end_neodictabert.png
PNG copy skipped (alpha): ./src/interpretability_partial_end_xlmr.png
Image written (PNG, 93 ms): ./src/interpretability_partial_end_xlmr.png
Latexmk: Missing input file 'output.toc' (or dependence on it) from following:
  No file output.toc.
Latexmk: Missing bbl file 'output.bbl' in following:
 No file output.bbl.
PNG copy skipped (alpha): ./src/error_distribution_span_aggregated.png
Image written (PNG, 180 ms): ./src/error_distribution_span_aggregated.png
PNG copy skipped (alpha): ./src/interpretability_partial_end_neodictabert.png
Image written (PNG, 88 ms): ./src/interpretability_partial_end_neodictabert.png
PNG copy skipped (alpha): ./src/interpretability_partial_end_xlmr.png
Image written (PNG, 90 ms): ./src/interpretability_partial_end_xlmr.png
PNG copy skipped (alpha): ./src/error_distribution_span_aggregated.png
Image written (PNG, 176 ms): ./src/error_distribution_span_aggregated.png
PNG copy skipped (alpha): ./src/interpretability_partial_end_neodictabert.png
Image written (PNG, 90 ms): ./src/interpretability_partial_end_neodictabert.png
PNG copy skipped (alpha): ./src/interpretability_partial_end_xlmr.png
Image written (PNG, 91 ms): ./src/interpretability_partial_end_xlmr.png
PNG copy skipped (alpha): ./src/error_distribution_span_aggregated.png
Image written (PNG, 177 ms): ./src/error_distribution_span_aggregated.png
PNG copy skipped (alpha): ./src/interpretability_partial_end_neodictabert.png
Image written (PNG, 92 ms): ./src/interpretability_partial_end_neodictabert.png
PNG copy skipped (alpha): ./src/interpretability_partial_end_xlmr.png
Image written (PNG, 90 ms): ./src/interpretability_partial_end_xlmr.png
WARNING: output.pdf object stream 9 (object 24 0, offset 1981): unknown token while reading object; treating as string
WARNING: output.pdf object stream 9 (object 32 0, offset 2696): unknown token while reading object; treating as string
WARNING: output.pdf object stream 9 (object 33 0, offset 2834): unknown token while reading object; treating as string
WARNING: output.pdf object stream 9 (object 34 0, offset 3102): unknown token while reading object; treating as string
WARNING: output.pdf object stream 9 (object 35 0, offset 3240): unknown token while reading object; treating as string
WARNING: output.pdf object stream 9 (object 36 0, offset 3378): unknown token while reading object; treating as string
WARNING: output.pdf object stream 9 (object 37 0, offset 3513): unknown token while reading object; treating as string
WARNING: output.pdf object stream 9 (object 38 0, offset 3651): unknown token while reading object; treating as string
WARNING: output.pdf object stream 9 (object 39 0, offset 3789): unknown token while reading object; treating as string
WARNING: output.pdf object stream 9 (object 40 0, offset 4056): unknown token while reading object; treating as string
WARNING: output.pdf object stream 9 (object 41 0, offset 4325): unknown token while reading object; treating as string
WARNING: output.pdf object stream 9 (object 42 0, offset 4461): unknown token while reading object; treating as string
WARNING: output.pdf object stream 9 (object 43 0, offset 4931): unknown token while reading object; treating as string
WARNING: output.pdf object stream 9 (object 44 0, offset 5200): unknown token while reading object; treating as string
WARNING: output.pdf object stream 9 (object 45 0, offset 5464): unknown token while reading object; treating as string
WARNING: output.pdf object stream 9 (object 46 0, offset 5601): unknown token while reading object; treating as string
WARNING: output.pdf object stream 9 (object 50 0, offset 2966): unknown token while reading object; treating as string
WARNING: output.pdf object stream 9 (object 51 0, offset 3920): unknown token while reading object; treating as string
WARNING: output.pdf object stream 9 (object 52 0, offset 4189): unknown token while reading object; treating as string
WARNING: output.pdf object stream 9 (object 54 0, offset 5739): unknown token while reading object; treating as string
WARNING: output.pdf object stream 9 (object 55 0, offset 5877): unknown token while reading object; treating as string
WARNING: output.pdf object stream 9 (object 56 0, offset 6148): unknown token while reading object; treating as string
WARNING: output.pdf object stream 9 (object 57 0, offset 6286): unknown token while reading object; treating as string
WARNING: output.pdf object stream 9 (object 58 0, offset 6424): unknown token while reading object; treating as string
WARNING: output.pdf object stream 9 (object 59 0, offset 6560): unknown token while reading object; treating as string
WARNING: output.pdf object stream 9 (object 60 0, offset 6697): unknown token while reading object; treating as string
WARNING: output.pdf object stream 9 (object 61 0, offset 6833): unknown token while reading object; treating as string
WARNING: output.pdf object stream 9 (object 65 0, offset 5063): unknown token while reading object; treating as string
WARNING: output.pdf object stream 9 (object 66 0, offset 5332): unknown token while reading object; treating as string
WARNING: output.pdf object stream 9 (object 67 0, offset 6010): unknown token while reading object; treating as string
WARNING: output.pdf object stream 9 (object 68 0, offset 7280): unknown token while reading object; treating as string
WARNING: output.pdf object stream 9 (object 69 0, offset 7548): unknown token while reading object; treating as string
WARNING: output.pdf object stream 9 (object 70 0, offset 7686): unknown token while reading object; treating as string
WARNING: output.pdf object stream 9 (object 71 0, offset 7824): unknown token while reading object; treating as string
WARNING: output.pdf object stream 9 (object 72 0, offset 7961): unknown token while reading object; treating as string
WARNING: output.pdf object stream 9 (object 73 0, offset 8098): unknown token while reading object; treating as string
WARNING: output.pdf object stream 9 (object 74 0, offset 8235): unknown token while reading object; treating as string
WARNING: output.pdf object stream 9 (object 75 0, offset 8504): unknown token while reading object; treating as string
WARNING: output.pdf object stream 9 (object 79 0, offset 7411): unknown token while reading object; treating as string
WARNING: output.pdf object stream 9 (object 80 0, offset 8367): unknown token while reading object; treating as string
WARNING: output.pdf object stream 9 (object 81 0, offset 8876): unknown token while reading object; treating as string
WARNING: output.pdf object stream 9 (object 86 0, offset 9282): unknown token while reading object; treating as string
WARNING: output.pdf object stream 9 (object 94 0, offset 9917): unknown token while reading object; treating as string
WARNING: output.pdf object stream 9 (object 95 0, offset 10185): unknown token while reading object; treating as string
WARNING: output.pdf object stream 9 (object 96 0, offset 10322): unknown token while reading object; treating as string
WARNING: output.pdf object stream 9 (object 100 0, offset 10049): unknown token while reading object; treating as string
WARNING: output.pdf object stream 9 (object 103 0, offset 10769): unknown token while reading object; treating as string
WARNING: output.pdf object stream 9 (object 116 0, offset 10907): unknown token while reading object; treating as string
WARNING: output.pdf object stream 9 (object 117 0, offset 11044): unknown token while reading object; treating as string
WARNING: output.pdf object stream 9 (object 118 0, offset 11182): unknown token while reading object; treating as string
WARNING: output.pdf object stream 9 (object 119 0, offset 11320): unknown token while reading object; treating as string
WARNING: output.pdf object stream 9 (object 120 0, offset 11458): unknown token while reading object; treating as string
WARNING: output.pdf object stream 9 (object 121 0, offset 11596): unknown token while reading object; treating as string
WARNING: output.pdf object stream 9 (object 122 0, offset 11732): unknown token while reading object; treating as string
WARNING: output.pdf object stream 9 (object 128 0, offset 12234): unknown token while reading object; treating as string
WARNING: output.pdf object stream 9 (object 129 0, offset 12503): unknown token while reading object; treating as string
WARNING: output.pdf object stream 9 (object 130 0, offset 12640): unknown token while reading object; treating as string
WARNING: output.pdf object stream 9 (object 131 0, offset 12910): unknown token while reading object; treating as string
WARNING: output.pdf object stream 9 (object 132 0, offset 13048): unknown token while reading object; treating as string
WARNING: output.pdf object stream 9 (object 136 0, offset 12366): unknown token while reading object; treating as string
WARNING: output.pdf object stream 9 (object 137 0, offset 12773): unknown token while reading object; treating as string
WARNING: output.pdf object stream 9 (object 139 0, offset 13481): unknown token while reading object; treating as string
WARNING: output.pdf object stream 9 (object 144 0, offset 13612): unknown token while reading object; treating as string
WARNING: output.pdf object stream 9 (object 145 0, offset 14066): unknown token while reading object; treating as string
WARNING: output.pdf object stream 9 (object 146 0, offset 14504): unknown token while reading object; treating as string
WARNING: output.pdf object stream 154 (object 155 0, offset 1281): unknown token while reading object; treating as string
WARNING: output.pdf object stream 154 (object 160 0, offset 1657): unknown token while reading object; treating as string
WARNING: output.pdf object stream 154 (object 166 0, offset 2379): unknown token while reading object; treating as string
WARNING: output.pdf object stream 154 (object 167 0, offset 2518): unknown token while reading object; treating as string
WARNING: output.pdf object stream 154 (object 174 0, offset 2947): unknown token while reading object; treating as string
WARNING: output.pdf object stream 154 (object 175 0, offset 3085): unknown token while reading object; treating as string
WARNING: output.pdf object stream 154 (object 176 0, offset 3223): unknown token while reading object; treating as string
WARNING: output.pdf object stream 154 (object 182 0, offset 3659): unknown token while reading object; treating as string
WARNING: output.pdf object stream 154 (object 183 0, offset 3797): unknown token while reading object; treating as string
WARNING: output.pdf object stream 154 (object 187 0, offset 4185): unknown token while reading object; treating as string
WARNING: output.pdf object stream 154 (object 195 0, offset 4829): unknown token while reading object; treating as string
WARNING: output.pdf object stream 154 (object 196 0, offset 4967): unknown token while reading object; treating as string
WARNING: output.pdf object stream 154 (object 197 0, offset 5104): unknown token while reading object; treating as string
WARNING: output.pdf object stream 154 (object 198 0, offset 5242): unknown token while reading object; treating as string
WARNING: output.pdf object stream 154 (object 202 0, offset 5627): unknown token while reading object; treating as string
WARNING: output.pdf object stream 154 (object 203 0, offset 5765): unknown token while reading object; treating as string
WARNING: output.pdf object stream 154 (object 226 0, offset 7612): unknown token while reading object; treating as string
WARNING: output.pdf object stream 154 (object 230 0, offset 8047): unknown token while reading object; treating as string
WARNING: output.pdf object stream 154 (object 246 0, offset 9517): unknown token while reading object; treating as string
WARNING: output.pdf object stream 154 (object 253 0, offset 9940): unknown token while reading object; treating as string
WARNING: output.pdf object stream 154 (object 256 0, offset 10330): unknown token while reading object; treating as string
qpdf: operation succeeded with warnings; resulting file may have some problems
